ASxxxx Linker V03.00 + NoICE + sdld,  page 1.
Hexadecimal  [32-Bits]

Area                                    Addr        Size        Decimal Bytes (Attributes)
--------------------------------        ----        ----        ------- ----- ------------
.  .ABS.                            00000000    00000000 =           0. bytes (ABS,CON)

      Value  Global                              Global Defined In Module
      -----  --------------------------------   ------------------------
     00000000  .__.ABS.                           laby_data
     00000000  l__BSS                          
     00000000  l__CABS                         
     00000000  l__DABS                         
     00000000  l__GSINIT                       
     00000000  l__HEADER                       
     00000000  l__HEAP                         
     00000000  l__HOME                         
     00000000  l__INITIALIZED                  
     00000000  l__INITIALIZER                  
     00000000  s__CABS                         
     00000000  s__DABS                         
     00000000  s__HEADER                       
     00000000  s__HEADER0                      
     00000000  s__HEADER1                      
     00000001  l__GSFINAL                      
     00000003  l__HEADER0                      
     00000009  l__HEADER1                      
     00000138  s__CODE                         
     00000638  l__DATA                         
     0000180F  l__CODE                         
     00001947  s__DATA                         
     00001F7F  s__GSFINAL                      
     00001F7F  s__GSINIT                       
     00001F7F  s__HOME                         
     00001F7F  s__INITIALIZED                  
     00001F80  s__BSS                          
     00001F80  s__HEAP                         
     00001F80  s__INITIALIZER                  

ASxxxx Linker V03.00 + NoICE + sdld,  page 2.
Hexadecimal  [32-Bits]

Area                                    Addr        Size        Decimal Bytes (Attributes)
--------------------------------        ----        ----        ------- ----- ------------
_CODE                               00000138    0000180F =        6159. bytes (REL,CON)

      Value  Global                              Global Defined In Module
      -----  --------------------------------   ------------------------
     00000138  _render_background                 main
     000002BB  _game_palette                      main
     000002CB  _waito                             main
     000002CC  _main                              main
     00000549  _get_key                           lib
     0000058C  _check_controller                  lib
     000005BF  _init_cpc_lib                      lib
     0000062A  _intern_screen_mode0               lib
     00000656  _screen_mode0                      lib
     0000065C  _get_time                          lib
     0000067E  _set_pixel_color0                  lib
     000006F9  _set_color                         lib
     0000070E  _set_palette                       lib
     0000073A  _put_frame                         lib
     00000771  _cmemcpy                           lib
     00000790  _vsync                             lib
     00000799  _put_frameXOR                      lib
     000007D1  __clock                            crt0
     000007D2  _exit                              crt0
     000007D3  _putchar                           
     000007D3  _putchar_rr_s                      
     000007DC  _putchar_rr_dbs                    
     000007E1  _pacman_sprites                    pacman_sprites
     00000881  _ghost_sprites                     ghost_sprites
     00000921  _blank_sprites                     blank_sprites
     00000931  _player_init                       player
     00000960  _player_move_rel                   player
     000009AA  _player_return_tile_type           player
     000009F4  _player_control                    player
     00000CAD  _ghost_init                        ghost
     00000E84  _ghost_return_tile_type            ghost
     00000EC6  _ghost_move_rel                    ghost
     00000F22  _ghost_ia_wait                     ghost
     00000FF7  _ghost_ia                          ghost
     000011BD  _ghost_fear                        ghost
     000011D1  _ghost_update                      ghost
     000013B4  _tiles                             tiles
     00001544  _laby_init                         laby_data
     0000155F  _laby_data                         laby_data
ASxxxx Linker V03.00 + NoICE + sdld,  page 3.
Hexadecimal  [32-Bits]

Area                                    Addr        Size        Decimal Bytes (Attributes)
--------------------------------        ----        ----        ------- ----- ------------
_DATA                               00001947    00000638 =        1592. bytes (REL,CON)

      Value  Global                              Global Defined In Module
      -----  --------------------------------   ------------------------
     00001947  _spr_img                           main
     00001979  _tiles_img                         main
     000019AD  _timer                             main
     000019AE  _char1                             lib
     000019AF  _char2                             lib
     000019B0  _char3                             lib
     000019B1  _char4                             lib
     000019B2  _aKeyboard                         lib
     000019BC  _precalc_vram                      lib
     00001B4C  _flags                             lib
     00001B4D  _err                               lib
     00001B4F  _dx                                lib
     00001B50  _dy                                lib
     00001B51  _player                            player
     00001B5B  _ghost                             ghost
     00001B97  _laby                              laby_data

ASxxxx Linker V03.00 + NoICE + sdld,  page 4.
Hexadecimal  [32-Bits]

Area                                    Addr        Size        Decimal Bytes (Attributes)
--------------------------------        ----        ----        ------- ----- ------------
_GSINIT                             00001F7F    00000000 =           0. bytes (REL,CON)

      Value  Global                              Global Defined In Module
      -----  --------------------------------   ------------------------
     00001F7F  gsinit                             crt0

ASxxxx Linker V03.00 + NoICE + sdld,  page 5.
Hexadecimal  [32-Bits]

Area                                    Addr        Size        Decimal Bytes (Attributes)
--------------------------------        ----        ----        ------- ----- ------------
_GSFINAL                            00001F7F    00000001 =           1. bytes (REL,CON)

      Value  Global                              Global Defined In Module
      -----  --------------------------------   ------------------------
ASxxxx Linker V03.00 + NoICE + sdld,  page 6.
Hexadecimal  [32-Bits]

Area                                    Addr        Size        Decimal Bytes (Attributes)
--------------------------------        ----        ----        ------- ----- ------------
_HEADER0                            00000000    00000003 =           3. bytes (ABS,CON)

      Value  Global                              Global Defined In Module
      -----  --------------------------------   ------------------------
ASxxxx Linker V03.00 + NoICE + sdld,  page 7.
Hexadecimal  [32-Bits]

Area                                    Addr        Size        Decimal Bytes (Attributes)
--------------------------------        ----        ----        ------- ----- ------------
_HEADER1                            00000000    00000009 =           9. bytes (ABS,CON)

      Value  Global                              Global Defined In Module
      -----  --------------------------------   ------------------------
ASxxxx Linker V03.00 + NoICE + sdld,  page 8.

Files Linked                              [ module(s) ]

main.rel                                  [ main ]
lib.rel                                   [ lib ]
crt0_cpc.rel                              [ crt0 ]
putchar_cpc.rel                           [  ]
pacman_sprites.rel                        [ pacman_sprites ]
ghost_sprites.rel                         [ ghost_sprites ]
blank_sprites.rel                         [ blank_sprites ]
player.rel                                [ player ]
ghost.rel                                 [ ghost ]
tiles.rel                                 [ tiles ]
laby_data.rel                             [ laby_data ]

ASxxxx Linker V03.00 + NoICE + sdld,  page 9.

User Base Address Definitions

_CODE = 0x0138
_DATA = 0x0000

