ASxxxx Linker V03.00 + NoICE + sdld,  page 1.
Hexadecimal  [32-Bits]

Area                                    Addr        Size        Decimal Bytes (Attributes)
--------------------------------        ----        ----        ------- ----- ------------
.  .ABS.                            00000000    00000000 =           0. bytes (ABS,CON)

      Value  Global                              Global Defined In Module
      -----  --------------------------------   ------------------------
     00000000  .__.ABS.                           sprite_collision
     00000000  l__BSS                          
     00000000  l__CABS                         
     00000000  l__DABS                         
     00000000  l__GSINIT                       
     00000000  l__HEADER                       
     00000000  l__HEAP                         
     00000000  l__HOME                         
     00000000  l__INITIALIZED                  
     00000000  l__INITIALIZER                  
     00000000  s__CABS                         
     00000000  s__DABS                         
     00000000  s__HEADER                       
     00000000  s__HEADER0                      
     00000000  s__HEADER1                      
     00000001  l__GSFINAL                      
     00000003  l__HEADER0                      
     00000009  l__HEADER1                      
     00000138  s__CODE                         
     00000638  l__DATA                         
     00001A85  l__CODE                         
     00001BBD  s__DATA                         
     000021F5  s__GSFINAL                      
     000021F5  s__GSINIT                       
     000021F5  s__HOME                         
     000021F5  s__INITIALIZED                  
     000021F6  s__BSS                          
     000021F6  s__HEAP                         
     000021F6  s__INITIALIZER                  

ASxxxx Linker V03.00 + NoICE + sdld,  page 2.
Hexadecimal  [32-Bits]

Area                                    Addr        Size        Decimal Bytes (Attributes)
--------------------------------        ----        ----        ------- ----- ------------
_CODE                               00000138    00001A85 =        6789. bytes (REL,CON)

      Value  Global                              Global Defined In Module
      -----  --------------------------------   ------------------------
     00000138  _render_background                 main
     000002BB  _game_palette                      main
     000002CB  _waito                             main
     000002CC  _main                              main
     0000054C  _get_key                           lib
     0000058F  _check_controller                  lib
     000005C2  _init_cpc_lib                      lib
     0000062D  _intern_screen_mode0               lib
     00000659  _screen_mode0                      lib
     0000065F  _get_time                          lib
     00000681  _set_pixel_color0                  lib
     000006FC  _set_color                         lib
     00000711  _set_palette                       lib
     0000073D  _put_frame                         lib
     00000774  _cmemcpy                           lib
     00000793  _vsync                             lib
     0000079C  _put_frameXOR                      lib
     000007D4  __clock                            crt0
     000007D5  _exit                              crt0
     000007D6  _putchar                           
     000007D6  _putchar_rr_s                      
     000007DF  _putchar_rr_dbs                    
     000007E4  _pacman_sprites                    pacman_sprites
     00000884  _ghost_sprites                     ghost_sprites
     00000924  _blank_sprites                     blank_sprites
     00000934  _player_init                       player
     00000963  _player_move_rel                   player
     000009AD  _player_return_tile_type           player
     000009F7  _player_control                    player
     00000CB0  _ghost_init                        ghost
     00000E87  _ghost_return_tile_type            ghost
     00000EC9  _ghost_move_rel                    ghost
     00000F5E  _ghost_ia_wait                     ghost
     00001033  _ghost_ia                          ghost
     000011F9  _ghost_fear                        ghost
     0000120D  _ghost_update                      ghost
     000013F0  _tiles                             tiles
     00001580  _laby_init                         laby_data
     0000159B  _laby_data                         laby_data
     00001983  _isCollision                       sprite_collision
     000019F4  _col_check                         sprite_collision

ASxxxx Linker V03.00 + NoICE + sdld,  page 3.
Hexadecimal  [32-Bits]

Area                                    Addr        Size        Decimal Bytes (Attributes)
--------------------------------        ----        ----        ------- ----- ------------
_DATA                               00001BBD    00000638 =        1592. bytes (REL,CON)

      Value  Global                              Global Defined In Module
      -----  --------------------------------   ------------------------
     00001BBD  _spr_img                           main
     00001BEF  _tiles_img                         main
     00001C23  _timer                             main
     00001C24  _char1                             lib
     00001C25  _char2                             lib
     00001C26  _char3                             lib
     00001C27  _char4                             lib
     00001C28  _aKeyboard                         lib
     00001C32  _precalc_vram                      lib
     00001DC2  _flags                             lib
     00001DC3  _err                               lib
     00001DC5  _dx                                lib
     00001DC6  _dy                                lib
     00001DC7  _player                            player
     00001DD1  _ghost                             ghost
     00001E0D  _laby                              laby_data

ASxxxx Linker V03.00 + NoICE + sdld,  page 4.
Hexadecimal  [32-Bits]

Area                                    Addr        Size        Decimal Bytes (Attributes)
--------------------------------        ----        ----        ------- ----- ------------
_GSINIT                             000021F5    00000000 =           0. bytes (REL,CON)

      Value  Global                              Global Defined In Module
      -----  --------------------------------   ------------------------
     000021F5  gsinit                             crt0

ASxxxx Linker V03.00 + NoICE + sdld,  page 5.
Hexadecimal  [32-Bits]

Area                                    Addr        Size        Decimal Bytes (Attributes)
--------------------------------        ----        ----        ------- ----- ------------
_GSFINAL                            000021F5    00000001 =           1. bytes (REL,CON)

      Value  Global                              Global Defined In Module
      -----  --------------------------------   ------------------------
ASxxxx Linker V03.00 + NoICE + sdld,  page 6.
Hexadecimal  [32-Bits]

Area                                    Addr        Size        Decimal Bytes (Attributes)
--------------------------------        ----        ----        ------- ----- ------------
_HEADER0                            00000000    00000003 =           3. bytes (ABS,CON)

      Value  Global                              Global Defined In Module
      -----  --------------------------------   ------------------------
ASxxxx Linker V03.00 + NoICE + sdld,  page 7.
Hexadecimal  [32-Bits]

Area                                    Addr        Size        Decimal Bytes (Attributes)
--------------------------------        ----        ----        ------- ----- ------------
_HEADER1                            00000000    00000009 =           9. bytes (ABS,CON)

      Value  Global                              Global Defined In Module
      -----  --------------------------------   ------------------------
ASxxxx Linker V03.00 + NoICE + sdld,  page 8.

Files Linked                              [ module(s) ]

main.rel                                  [ main ]
lib.rel                                   [ lib ]
crt0_cpc.rel                              [ crt0 ]
putchar_cpc.rel                           [  ]
pacman_sprites.rel                        [ pacman_sprites ]
ghost_sprites.rel                         [ ghost_sprites ]
blank_sprites.rel                         [ blank_sprites ]
player.rel                                [ player ]
ghost.rel                                 [ ghost ]
tiles.rel                                 [ tiles ]
laby_data.rel                             [ laby_data ]
sprite_collision.rel                      [ sprite_collision ]

ASxxxx Linker V03.00 + NoICE + sdld,  page 9.

User Base Address Definitions

_CODE = 0x0138
_DATA = 0x0000

