ASxxxx Linker V03.00 + NoICE + sdld,  page 1.
Hexadecimal  [32-Bits]

Area                                    Addr        Size        Decimal Bytes (Attributes)
--------------------------------        ----        ----        ------- ----- ------------
.  .ABS.                            00000000    00000000 =           0. bytes (ABS,CON)

      Value  Global                              Global Defined In Module
      -----  --------------------------------   ------------------------
     00000000  .__.ABS.                           
     00000000  l__BSS                          
     00000000  l__CABS                         
     00000000  l__DABS                         
     00000000  l__GSINIT                       
     00000000  l__HEADER                       
     00000000  l__HEAP                         
     00000000  l__HOME                         
     00000000  l__INITIALIZED                  
     00000000  l__INITIALIZER                  
     00000000  s__CABS                         
     00000000  s__DABS                         
     00000000  s__HEADER                       
     00000000  s__HEADER0                      
     00000000  s__HEADER1                      
     00000001  l__GSFINAL                      
     00000003  l__HEADER0                      
     00000009  l__HEADER1                      
     00000138  s__CODE                         
     000001BC  l__DATA                         
     00006175  l__CODE                         
     000062AD  s__DATA                         
     00006469  s__GSFINAL                      
     00006469  s__GSINIT                       
     00006469  s__HOME                         
     00006469  s__INITIALIZED                  
     0000646A  s__BSS                          
     0000646A  s__HEAP                         
     0000646A  s__INITIALIZER                  

ASxxxx Linker V03.00 + NoICE + sdld,  page 2.
Hexadecimal  [32-Bits]

Area                                    Addr        Size        Decimal Bytes (Attributes)
--------------------------------        ----        ----        ------- ----- ------------
_CODE                               00000138    00006175 =       24949. bytes (REL,CON)

      Value  Global                              Global Defined In Module
      -----  --------------------------------   ------------------------
     00000138  _main                              combat
     00000616  _combat_palette                    combat
     00000626  __clock                            crt0
     00000627  _exit                              crt0
     00000628  _putchar                           
     00000628  _putchar_rr_s                      
     00000631  _putchar_rr_dbs                    
     00000636  _pen                               jdvapi_basic
     00000647  _locate                            jdvapi_basic
     0000065E  _set_color                         jdvapi_basic
     00000673  _border                            jdvapi_basic
     00000685  _set_palette                       jdvapi_basic
     000006B1  _mode                              jdvapi_basic
     000006C2  _plot                              jdvapi_basic
     000006DC  _move                              jdvapi_basic
     000006F6  _line                              jdvapi_basic
     00000710  _set_pixel_color0                  jdvapi_basic
     0000078B  _put_pixel0                        jdvapi_basic
     000007E7  _copy_pixel0bytes                  jdvapi_basic
     00000895  _set_pixel_color1                  jdvapi_basic
     0000090D  _put_pixel1                        jdvapi_basic
     0000096B  _put_pixel_byte1                   jdvapi_basic
     000009E0  _put_frame                         jdvapi_frame
     00000A17  _put_frame_transparent             jdvapi_frame
     00000A4F  _erase_frame                       jdvapi_frame
     00000A7F  _precalc_vram                      jdvapi_frame
     00000AED  _get_key                           jdvapi_keyb
     00000B30  _check_controller                  jdvapi_keyb
     00000B63  _vsync                             jdvapi_sync
     00000B6C  _calqueC000                        jdvapi_sync
     00000B77  _calque4000                        jdvapi_sync
     00000B82  _calque4C00                        jdvapi_sync
     00000B8D  _bank0123                          jdvapi_sync
     00000B93  _bank7_C000                        jdvapi_sync
     00000B99  _bank4_4000                        jdvapi_sync
     00000B9F  _bank5_4000                        jdvapi_sync
     00000BA5  _bank6_4000                        jdvapi_sync
     00000BAB  _bank7_4000                        jdvapi_sync
     00000BB1  _scroll                            jdvapi_sync
     00000BC9  _overscan                          jdvapi_sync
     00000BF2  _scan                              jdvapi_sync
     00000C1B  _J1A1                              joueurs
     000010CB  _J1A2                              joueurs
     00001643  _J1A3                              joueurs
     00001BBB  _J1A4                              joueurs
     00002133  _J1A5                              joueurs
     000026AB  _J1A6                              joueurs
     00002C23  _J1A7                              joueurs
     0000319B  _J1A8                              joueurs
     00003713  _J2A1                              joueurs
ASxxxx Linker V03.00 + NoICE + sdld,  page 3.
Hexadecimal  [32-Bits]

Area                                    Addr        Size        Decimal Bytes (Attributes)
--------------------------------        ----        ----        ------- ----- ------------
_CODE                               00000138    00006175 =       24949. bytes (REL,CON)

      Value  Global                              Global Defined In Module
      -----  --------------------------------   ------------------------
     00003BC3  _J2A2                              joueurs
     0000413B  _J2A3                              joueurs
     000046B3  _J2A4                              joueurs
     00004C2B  _J2A5                              joueurs
     000051A3  _J2A6                              joueurs
     0000571B  _J2A7                              joueurs
     00005C93  _J2A8                              joueurs
     0000620B  __modschar                         
     00006218  __modsint                          
     00006224  __divsint                          
     0000622D  __divschar                         
     00006234  __div8                             
     00006238  __div_signexte                     
     0000623C  __div16                            
     00006262  __get_remainder                    
     0000626C  __divuint                          
     00006274  __divuchar                         
     0000627B  __divu8                            
     0000627E  __divu16                           
ASxxxx Linker V03.00 + NoICE + sdld,  page 4.
Hexadecimal  [32-Bits]

Area                                    Addr        Size        Decimal Bytes (Attributes)
--------------------------------        ----        ----        ------- ----- ------------
_DATA                               000062AD    000001BC =         444. bytes (REL,CON)

      Value  Global                              Global Defined In Module
      -----  --------------------------------   ------------------------
     000062AD  _perso1A                           combat
     000062BD  _perso2A                           combat
     000062CD  _vram                              combat
     000062CF  _private_precalc_vram              jdvapi_frame
     0000645F  _aKeyboard                         jdvapi_keyb

ASxxxx Linker V03.00 + NoICE + sdld,  page 5.
Hexadecimal  [32-Bits]

Area                                    Addr        Size        Decimal Bytes (Attributes)
--------------------------------        ----        ----        ------- ----- ------------
_GSINIT                             00006469    00000000 =           0. bytes (REL,CON)

      Value  Global                              Global Defined In Module
      -----  --------------------------------   ------------------------
     00006469  gsinit                             crt0

ASxxxx Linker V03.00 + NoICE + sdld,  page 6.
Hexadecimal  [32-Bits]

Area                                    Addr        Size        Decimal Bytes (Attributes)
--------------------------------        ----        ----        ------- ----- ------------
_GSFINAL                            00006469    00000001 =           1. bytes (REL,CON)

      Value  Global                              Global Defined In Module
      -----  --------------------------------   ------------------------
ASxxxx Linker V03.00 + NoICE + sdld,  page 7.
Hexadecimal  [32-Bits]

Area                                    Addr        Size        Decimal Bytes (Attributes)
--------------------------------        ----        ----        ------- ----- ------------
_HEADER0                            00000000    00000003 =           3. bytes (ABS,CON)

      Value  Global                              Global Defined In Module
      -----  --------------------------------   ------------------------
ASxxxx Linker V03.00 + NoICE + sdld,  page 8.
Hexadecimal  [32-Bits]

Area                                    Addr        Size        Decimal Bytes (Attributes)
--------------------------------        ----        ----        ------- ----- ------------
_HEADER1                            00000000    00000009 =           9. bytes (ABS,CON)

      Value  Global                              Global Defined In Module
      -----  --------------------------------   ------------------------
ASxxxx Linker V03.00 + NoICE + sdld,  page 9.

Files Linked                              [ module(s) ]

combat.rel                                [ combat ]
crt0_cpc.rel                              [ crt0 ]
putchar_cpc.rel                           [  ]
jdvapi_basic.rel                          [ jdvapi_basic ]
jdvapi_frame.rel                          [ jdvapi_frame ]
jdvapi_keyb.rel                           [ jdvapi_keyb ]
jdvapi_sync.rel                           [ jdvapi_sync ]
joueurs.rel                               [ joueurs ]


Libraries Linked                          [ object file ]

C:\Program Files (x86)\SDCC\bin\..\lib\z80/z80.lib
                                          [ modsigned.rel ]
C:\Program Files (x86)\SDCC\bin\..\lib\z80/z80.lib
                                          [ divsigned.rel ]
C:\Program Files (x86)\SDCC\bin\..\lib\z80/z80.lib
                                          [ divunsigned.rel ]

ASxxxx Linker V03.00 + NoICE + sdld,  page 10.

User Base Address Definitions

_CODE = 0x0138
_DATA = 0x0000

