                              1 ;--------------------------------------------------------
                              2 ; File Created by SDCC : free open source ANSI-C Compiler
                              3 ; Version 3.6.0 #9615 (MINGW32)
                              4 ;--------------------------------------------------------
                              5 	.module jdvapi_floppy
                              6 	.optsdcc -mz80
                              7 	
                              8 ;--------------------------------------------------------
                              9 ; Public variables in this module
                             10 ;--------------------------------------------------------
                             11 	.globl _LoadFile
                             12 	.globl _SetupDOS
                             13 	.globl _strlen
                             14 	.globl _nFileNameLen
                             15 ;--------------------------------------------------------
                             16 ; special function registers
                             17 ;--------------------------------------------------------
                             18 ;--------------------------------------------------------
                             19 ; ram data
                             20 ;--------------------------------------------------------
                             21 	.area _DATA
                             22 ;--------------------------------------------------------
                             23 ; ram data
                             24 ;--------------------------------------------------------
                             25 	.area _INITIALIZED
   0000                      26 _nFileNameLen::
   0000                      27 	.ds 1
                             28 ;--------------------------------------------------------
                             29 ; absolute external ram data
                             30 ;--------------------------------------------------------
                             31 	.area _DABS (ABS)
                             32 ;--------------------------------------------------------
                             33 ; global & static initialisations
                             34 ;--------------------------------------------------------
                             35 	.area _HOME
                             36 	.area _GSINIT
                             37 	.area _GSFINAL
                             38 	.area _GSINIT
                             39 ;--------------------------------------------------------
                             40 ; Home
                             41 ;--------------------------------------------------------
                             42 	.area _HOME
                             43 	.area _HOME
                             44 ;--------------------------------------------------------
                             45 ; code
                             46 ;--------------------------------------------------------
                             47 	.area _CODE
                             48 ;jdvapi_floppy.c:15: void SetupDOS()
                             49 ;	---------------------------------
                             50 ; Function SetupDOS
                             51 ; ---------------------------------
   0000                      52 _SetupDOS::
                             53 ;jdvapi_floppy.c:48: __endasm;
   0000 DD 6E 02      [19]   54 	ld	l, 2 (ix) ;stack return address
   0003 DD 66 03      [19]   55 	ld	h, 3 (ix) ;stack return address
   0006 22r23r00      [16]   56 	ld	(_stack+1), hl
                             57 ;;------------------------------------------------------------------------
                             58 ;;	store the drive number the loader was run from
   0009 2A 7D BE      [16]   59 	ld	hl,(#0xbe7d)
   000C 7E            [ 7]   60 	ld	a,(hl)
   000D 32r1Dr00      [13]   61 	ld	(_drive+1),a
                             62 ;;------------------------------------------------------------------------
   0010 0E FF         [ 7]   63 	ld	c,#0xff ;; disable all roms
   0012 21r18r00      [10]   64 	ld	hl, #_start222 ;; execution address for program
   0015 CD 16 BD      [17]   65 	call	#0xbd16 ;;mc_start_program ;; start it
   0018                      66 	    _start222::
   0018 00            [ 4]   67 	nop
   0019 CD CB BC      [17]   68 	call	#0xbccb ;;kl_rom_walk ;; enable all roms
                             69 ;;------------------------------------------------------------------------
                             70 ;;	when AMSDOS is enabled, the drive reverts back to drive 0!
                             71 ;;	This will restore the drive number to the drive the loader was run from
   001C                      72 	    _drive:
   001C 3E 00         [ 7]   73 	ld a, #0x00
   001E 2A 7D BE      [16]   74 	ld	hl,(#0xbe7d)
   0021 77            [ 7]   75 	ld	(hl),a
   0022                      76 	    _stack:
   0022 21 00 00      [10]   77 	ld hl, #0x0000
   0025 E5            [11]   78 	push	hl
   0026 E5            [11]   79 	push	hl
   0027 C9            [10]   80 	ret
                             81 ;jdvapi_floppy.c:58: void LoadFile(char *sFileName, char *pLoadAddress)
                             82 ;	---------------------------------
                             83 ; Function LoadFile
                             84 ; ---------------------------------
   0028                      85 _LoadFile::
   0028 DD E5         [15]   86 	push	ix
   002A DD 21 00 00   [14]   87 	ld	ix,#0
   002E DD 39         [15]   88 	add	ix,sp
                             89 ;jdvapi_floppy.c:60: nFileNameLen = strlen(sFileName);
   0030 DD 6E 04      [19]   90 	ld	l,4 (ix)
   0033 DD 66 05      [19]   91 	ld	h,5 (ix)
   0036 E5            [11]   92 	push	hl
   0037 CDr00r00      [17]   93 	call	_strlen
   003A F1            [10]   94 	pop	af
   003B 4D            [ 4]   95 	ld	c,l
   003C 44            [ 4]   96 	ld	b,h
   003D FD 21r00r00   [14]   97 	ld	iy,#_nFileNameLen
   0041 FD 71 00      [19]   98 	ld	0 (iy),c
                             99 ;jdvapi_floppy.c:92: __endasm;
                            100 ;;	B = length of the filename in characters
   0044 21r00r00      [10]  101 	ld	hl, #_nFileNameLen;
   0047 46            [ 7]  102 	ld	b, (hl)
                            103 ;;	HL = address of the start of the filename
   0048 DD 6E 04      [19]  104 	LD	L, 4 (IX) ;sFileName
   004B DD 66 05      [19]  105 	LD	H, 5 (IX) ;sFileName
                            106 ;;	DE = address of a 2k buffer
                            107 ;;	in disc mode: this buffer is not used when CAS IN DIRECT
                            108 ;;	firmware function is used, so it is safe to put it anywhere
                            109 ;;	you want.
   004E 11 00 00      [10]  110 	ld	de, #0x0
                            111 ;;	firmware function to open a file for reading
   0051 CD 77 BC      [17]  112 	call	#0xbc77 ;;cas_in_open
                            113 ;;	firmware function to load the entire file
                            114 ;;	this will work with files that have a AMSDOS header (ASCII
                            115 ;;	files do not have a header)
                            116 ;;	HL = load address
   0054 DD 6E 06      [19]  117 	LD	L, 6 (IX) ;pLoadAddress
   0057 DD 66 07      [19]  118 	LD	H, 7 (IX) ;pLoadAddress
                            119 ;;	read file
   005A CD 83 BC      [17]  120 	call	#0xbc83 ;;cas_in_direct
                            121 ;;	firmware function to close a file opened for reading
   005D CD 7A BC      [17]  122 	call	#0xbc7a ;;cas_in_close
   0060 DD E1         [14]  123 	pop	ix
   0062 C9            [10]  124 	ret
                            125 	.area _CODE
                            126 	.area _INITIALIZER
   0000                     127 __xinit__nFileNameLen:
   0000 00                  128 	.db #0x00	; 0
                            129 	.area _CABS (ABS)
