                              1 ;--------------------------------------------------------
                              2 ; File Created by SDCC : free open source ANSI-C Compiler
                              3 ; Version 3.6.0 #9615 (MINGW32)
                              4 ;--------------------------------------------------------
                              5 	.module poisson
                              6 	.optsdcc -mz80
                              7 	
                              8 ;--------------------------------------------------------
                              9 ; Public variables in this module
                             10 ;--------------------------------------------------------
                             11 	.globl _poisson_groupe
                             12 	.globl _poisson2
                             13 	.globl _poisson1
                             14 	.globl _poisson_palette
                             15 ;--------------------------------------------------------
                             16 ; special function registers
                             17 ;--------------------------------------------------------
                             18 ;--------------------------------------------------------
                             19 ; ram data
                             20 ;--------------------------------------------------------
                             21 	.area _DATA
                             22 ;--------------------------------------------------------
                             23 ; ram data
                             24 ;--------------------------------------------------------
                             25 	.area _INITIALIZED
                             26 ;--------------------------------------------------------
                             27 ; absolute external ram data
                             28 ;--------------------------------------------------------
                             29 	.area _DABS (ABS)
                             30 ;--------------------------------------------------------
                             31 ; global & static initialisations
                             32 ;--------------------------------------------------------
                             33 	.area _HOME
                             34 	.area _GSINIT
                             35 	.area _GSFINAL
                             36 	.area _GSINIT
                             37 ;--------------------------------------------------------
                             38 ; Home
                             39 ;--------------------------------------------------------
                             40 	.area _HOME
                             41 	.area _HOME
                             42 ;--------------------------------------------------------
                             43 ; code
                             44 ;--------------------------------------------------------
                             45 	.area _CODE
                             46 	.area _CODE
   0000                      47 _poisson_palette:
   0000 02                   48 	.db #0x02	; 2
   0001 10                   49 	.db #0x10	; 16
   0002 00                   50 	.db #0x00	; 0
   0003 1A                   51 	.db #0x1a	; 26
   0004 11                   52 	.db #0x11	; 17
   0005 19                   53 	.db #0x19	; 25
   0006 0E                   54 	.db #0x0e	; 14
   0007 12                   55 	.db #0x12	; 18
   0008 14                   56 	.db #0x14	; 20
   0009 00                   57 	.db #0x00	; 0
   000A 00                   58 	.db #0x00	; 0
   000B 00                   59 	.db #0x00	; 0
   000C 00                   60 	.db #0x00	; 0
   000D 00                   61 	.db #0x00	; 0
   000E 00                   62 	.db #0x00	; 0
   000F 00                   63 	.db #0x00	; 0
   0010                      64 _poisson1:
   0010 08                   65 	.db #0x08	; 8
   0011 00                   66 	.db #0x00	; 0
   0012 00                   67 	.db #0x00	; 0
   0013 00                   68 	.db #0x00	; 0
   0014 00                   69 	.db #0x00	; 0
   0015 00                   70 	.db #0x00	; 0
   0016 08                   71 	.db #0x08	; 8
   0017 00                   72 	.db #0x00	; 0
   0018 00                   73 	.db #0x00	; 0
   0019 00                   74 	.db #0x00	; 0
   001A 00                   75 	.db #0x00	; 0
   001B 00                   76 	.db #0x00	; 0
   001C 08                   77 	.db #0x08	; 8
   001D 00                   78 	.db #0x00	; 0
   001E 00                   79 	.db #0x00	; 0
   001F 00                   80 	.db #0x00	; 0
   0020 00                   81 	.db #0x00	; 0
   0021 00                   82 	.db #0x00	; 0
   0022 08                   83 	.db #0x08	; 8
   0023 40                   84 	.db #0x40	; 64
   0024 C0                   85 	.db #0xc0	; 192
   0025 C0                   86 	.db #0xc0	; 192
   0026 00                   87 	.db #0x00	; 0
   0027 00                   88 	.db #0x00	; 0
   0028 08                   89 	.db #0x08	; 8
   0029 C0                   90 	.db #0xc0	; 192
   002A C0                   91 	.db #0xc0	; 192
   002B E0                   92 	.db #0xe0	; 224
   002C 00                   93 	.db #0x00	; 0
   002D 00                   94 	.db #0x00	; 0
   002E 08                   95 	.db #0x08	; 8
   002F C0                   96 	.db #0xc0	; 192
   0030 C0                   97 	.db #0xc0	; 192
   0031 D0                   98 	.db #0xd0	; 208
   0032 80                   99 	.db #0x80	; 128
   0033 00                  100 	.db #0x00	; 0
   0034 08                  101 	.db #0x08	; 8
   0035 CC                  102 	.db #0xcc	; 204
   0036 D0                  103 	.db #0xd0	; 208
   0037 C0                  104 	.db #0xc0	; 192
   0038 A0                  105 	.db #0xa0	; 160
   0039 00                  106 	.db #0x00	; 0
   003A 08                  107 	.db #0x08	; 8
   003B F0                  108 	.db #0xf0	; 240
   003C F0                  109 	.db #0xf0	; 240
   003D C0                  110 	.db #0xc0	; 192
   003E 80                  111 	.db #0x80	; 128
   003F 80                  112 	.db #0x80	; 128
   0040 08                  113 	.db #0x08	; 8
   0041 C0                  114 	.db #0xc0	; 192
   0042 C0                  115 	.db #0xc0	; 192
   0043 C0                  116 	.db #0xc0	; 192
   0044 C0                  117 	.db #0xc0	; 192
   0045 A0                  118 	.db #0xa0	; 160
   0046 08                  119 	.db #0x08	; 8
   0047 C0                  120 	.db #0xc0	; 192
   0048 C0                  121 	.db #0xc0	; 192
   0049 D0                  122 	.db #0xd0	; 208
   004A C0                  123 	.db #0xc0	; 192
   004B A0                  124 	.db #0xa0	; 160
   004C 08                  125 	.db #0x08	; 8
   004D C0                  126 	.db #0xc0	; 192
   004E C0                  127 	.db #0xc0	; 192
   004F D0                  128 	.db #0xd0	; 208
   0050 C0                  129 	.db #0xc0	; 192
   0051 A0                  130 	.db #0xa0	; 160
   0052 08                  131 	.db #0x08	; 8
   0053 F0                  132 	.db #0xf0	; 240
   0054 E0                  133 	.db #0xe0	; 224
   0055 C0                  134 	.db #0xc0	; 192
   0056 C0                  135 	.db #0xc0	; 192
   0057 A0                  136 	.db #0xa0	; 160
   0058 08                  137 	.db #0x08	; 8
   0059 C0                  138 	.db #0xc0	; 192
   005A C0                  139 	.db #0xc0	; 192
   005B C0                  140 	.db #0xc0	; 192
   005C C0                  141 	.db #0xc0	; 192
   005D A0                  142 	.db #0xa0	; 160
   005E 08                  143 	.db #0x08	; 8
   005F F0                  144 	.db #0xf0	; 240
   0060 E0                  145 	.db #0xe0	; 224
   0061 C0                  146 	.db #0xc0	; 192
   0062 80                  147 	.db #0x80	; 128
   0063 80                  148 	.db #0x80	; 128
   0064 08                  149 	.db #0x08	; 8
   0065 C0                  150 	.db #0xc0	; 192
   0066 C0                  151 	.db #0xc0	; 192
   0067 C0                  152 	.db #0xc0	; 192
   0068 00                  153 	.db #0x00	; 0
   0069 80                  154 	.db #0x80	; 128
   006A 08                  155 	.db #0x08	; 8
   006B 00                  156 	.db #0x00	; 0
   006C 00                  157 	.db #0x00	; 0
   006D 00                  158 	.db #0x00	; 0
   006E 00                  159 	.db #0x00	; 0
   006F 00                  160 	.db #0x00	; 0
   0070                     161 _poisson2:
   0070 00                  162 	.db #0x00	; 0
   0071 00                  163 	.db #0x00	; 0
   0072 0C                  164 	.db #0x0c	; 12
   0073 0C                  165 	.db #0x0c	; 12
   0074 08                  166 	.db #0x08	; 8
   0075 00                  167 	.db #0x00	; 0
   0076 00                  168 	.db #0x00	; 0
   0077 00                  169 	.db #0x00	; 0
   0078 FC                  170 	.db #0xfc	; 252
   0079 FC                  171 	.db #0xfc	; 252
   007A 0C                  172 	.db #0x0c	; 12
   007B 00                  173 	.db #0x00	; 0
   007C 00                  174 	.db #0x00	; 0
   007D 54                  175 	.db #0x54	; 84	'T'
   007E EC                  176 	.db #0xec	; 236
   007F DC                  177 	.db #0xdc	; 220
   0080 0C                  178 	.db #0x0c	; 12
   0081 08                  179 	.db #0x08	; 8
   0082 00                  180 	.db #0x00	; 0
   0083 0C                  181 	.db #0x0c	; 12
   0084 FC                  182 	.db #0xfc	; 252
   0085 FC                  183 	.db #0xfc	; 252
   0086 0C                  184 	.db #0x0c	; 12
   0087 08                  185 	.db #0x08	; 8
   0088 00                  186 	.db #0x00	; 0
   0089 0C                  187 	.db #0x0c	; 12
   008A 5C                  188 	.db #0x5c	; 92
   008B FC                  189 	.db #0xfc	; 252
   008C AC                  190 	.db #0xac	; 172
   008D 0C                  191 	.db #0x0c	; 12
   008E 00                  192 	.db #0x00	; 0
   008F CC                  193 	.db #0xcc	; 204
   0090 CC                  194 	.db #0xcc	; 204
   0091 FC                  195 	.db #0xfc	; 252
   0092 FC                  196 	.db #0xfc	; 252
   0093 0C                  197 	.db #0x0c	; 12
   0094 00                  198 	.db #0x00	; 0
   0095 CC                  199 	.db #0xcc	; 204
   0096 CC                  200 	.db #0xcc	; 204
   0097 FC                  201 	.db #0xfc	; 252
   0098 FC                  202 	.db #0xfc	; 252
   0099 0C                  203 	.db #0x0c	; 12
   009A 4C                  204 	.db #0x4c	; 76	'L'
   009B 8C                  205 	.db #0x8c	; 140
   009C CC                  206 	.db #0xcc	; 204
   009D FC                  207 	.db #0xfc	; 252
   009E FC                  208 	.db #0xfc	; 252
   009F 0C                  209 	.db #0x0c	; 12
   00A0 0C                  210 	.db #0x0c	; 12
   00A1 0C                  211 	.db #0x0c	; 12
   00A2 EC                  212 	.db #0xec	; 236
   00A3 FC                  213 	.db #0xfc	; 252
   00A4 FC                  214 	.db #0xfc	; 252
   00A5 5C                  215 	.db #0x5c	; 92
   00A6 5C                  216 	.db #0x5c	; 92
   00A7 AC                  217 	.db #0xac	; 172
   00A8 AC                  218 	.db #0xac	; 172
   00A9 FC                  219 	.db #0xfc	; 252
   00AA 0C                  220 	.db #0x0c	; 12
   00AB 5C                  221 	.db #0x5c	; 92
   00AC 5C                  222 	.db #0x5c	; 92
   00AD AC                  223 	.db #0xac	; 172
   00AE AC                  224 	.db #0xac	; 172
   00AF 5C                  225 	.db #0x5c	; 92
   00B0 5C                  226 	.db #0x5c	; 92
   00B1 5C                  227 	.db #0x5c	; 92
   00B2 54                  228 	.db #0x54	; 84	'T'
   00B3 FC                  229 	.db #0xfc	; 252
   00B4 FC                  230 	.db #0xfc	; 252
   00B5 5C                  231 	.db #0x5c	; 92
   00B6 5C                  232 	.db #0x5c	; 92
   00B7 5C                  233 	.db #0x5c	; 92
   00B8 00                  234 	.db #0x00	; 0
   00B9 A8                  235 	.db #0xa8	; 168
   00BA FC                  236 	.db #0xfc	; 252
   00BB FC                  237 	.db #0xfc	; 252
   00BC 5C                  238 	.db #0x5c	; 92
   00BD 5C                  239 	.db #0x5c	; 92
   00BE 00                  240 	.db #0x00	; 0
   00BF FC                  241 	.db #0xfc	; 252
   00C0 FC                  242 	.db #0xfc	; 252
   00C1 FC                  243 	.db #0xfc	; 252
   00C2 5C                  244 	.db #0x5c	; 92
   00C3 AC                  245 	.db #0xac	; 172
   00C4 00                  246 	.db #0x00	; 0
   00C5 0C                  247 	.db #0x0c	; 12
   00C6 0C                  248 	.db #0x0c	; 12
   00C7 0C                  249 	.db #0x0c	; 12
   00C8 04                  250 	.db #0x04	; 4
   00C9 08                  251 	.db #0x08	; 8
   00CA 00                  252 	.db #0x00	; 0
   00CB 00                  253 	.db #0x00	; 0
   00CC 00                  254 	.db #0x00	; 0
   00CD 00                  255 	.db #0x00	; 0
   00CE 00                  256 	.db #0x00	; 0
   00CF 00                  257 	.db #0x00	; 0
   00D0                     258 _poisson_groupe:
   00D0 00                  259 	.db #0x00	; 0
   00D1 00                  260 	.db #0x00	; 0
   00D2 40                  261 	.db #0x40	; 64
   00D3 00                  262 	.db #0x00	; 0
   00D4 00                  263 	.db #0x00	; 0
   00D5 00                  264 	.db #0x00	; 0
   00D6 00                  265 	.db #0x00	; 0
   00D7 00                  266 	.db #0x00	; 0
   00D8 40                  267 	.db #0x40	; 64
   00D9 80                  268 	.db #0x80	; 128
   00DA 00                  269 	.db #0x00	; 0
   00DB 00                  270 	.db #0x00	; 0
   00DC 00                  271 	.db #0x00	; 0
   00DD 80                  272 	.db #0x80	; 128
   00DE C0                  273 	.db #0xc0	; 192
   00DF C0                  274 	.db #0xc0	; 192
   00E0 00                  275 	.db #0x00	; 0
   00E1 00                  276 	.db #0x00	; 0
   00E2 40                  277 	.db #0x40	; 64
   00E3 C0                  278 	.db #0xc0	; 192
   00E4 C0                  279 	.db #0xc0	; 192
   00E5 E0                  280 	.db #0xe0	; 224
   00E6 80                  281 	.db #0x80	; 128
   00E7 00                  282 	.db #0x00	; 0
   00E8 40                  283 	.db #0x40	; 64
   00E9 C0                  284 	.db #0xc0	; 192
   00EA C0                  285 	.db #0xc0	; 192
   00EB D0                  286 	.db #0xd0	; 208
   00EC 80                  287 	.db #0x80	; 128
   00ED 00                  288 	.db #0x00	; 0
   00EE C4                  289 	.db #0xc4	; 196
   00EF CC                  290 	.db #0xcc	; 204
   00F0 E0                  291 	.db #0xe0	; 224
   00F1 C0                  292 	.db #0xc0	; 192
   00F2 F0                  293 	.db #0xf0	; 240
   00F3 00                  294 	.db #0x00	; 0
   00F4 40                  295 	.db #0x40	; 64
   00F5 C0                  296 	.db #0xc0	; 192
   00F6 E0                  297 	.db #0xe0	; 224
   00F7 C0                  298 	.db #0xc0	; 192
   00F8 C0                  299 	.db #0xc0	; 192
   00F9 40                  300 	.db #0x40	; 64
   00FA D0                  301 	.db #0xd0	; 208
   00FB F0                  302 	.db #0xf0	; 240
   00FC E0                  303 	.db #0xe0	; 224
   00FD C0                  304 	.db #0xc0	; 192
   00FE C0                  305 	.db #0xc0	; 192
   00FF C0                  306 	.db #0xc0	; 192
   0100 40                  307 	.db #0x40	; 64
   0101 C0                  308 	.db #0xc0	; 192
   0102 C0                  309 	.db #0xc0	; 192
   0103 C0                  310 	.db #0xc0	; 192
   0104 C0                  311 	.db #0xc0	; 192
   0105 D0                  312 	.db #0xd0	; 208
   0106 40                  313 	.db #0x40	; 64
   0107 C0                  314 	.db #0xc0	; 192
   0108 C0                  315 	.db #0xc0	; 192
   0109 D0                  316 	.db #0xd0	; 208
   010A C0                  317 	.db #0xc0	; 192
   010B D0                  318 	.db #0xd0	; 208
   010C 40                  319 	.db #0x40	; 64
   010D C0                  320 	.db #0xc0	; 192
   010E C0                  321 	.db #0xc0	; 192
   010F D0                  322 	.db #0xd0	; 208
   0110 E0                  323 	.db #0xe0	; 224
   0111 D0                  324 	.db #0xd0	; 208
   0112 C0                  325 	.db #0xc0	; 192
   0113 C0                  326 	.db #0xc0	; 192
   0114 E0                  327 	.db #0xe0	; 224
   0115 D0                  328 	.db #0xd0	; 208
   0116 E0                  329 	.db #0xe0	; 224
   0117 D0                  330 	.db #0xd0	; 208
   0118 D0                  331 	.db #0xd0	; 208
   0119 F0                  332 	.db #0xf0	; 240
   011A C0                  333 	.db #0xc0	; 192
   011B C0                  334 	.db #0xc0	; 192
   011C C0                  335 	.db #0xc0	; 192
   011D D0                  336 	.db #0xd0	; 208
   011E C0                  337 	.db #0xc0	; 192
   011F C0                  338 	.db #0xc0	; 192
   0120 E0                  339 	.db #0xe0	; 224
   0121 C0                  340 	.db #0xc0	; 192
   0122 C0                  341 	.db #0xc0	; 192
   0123 D0                  342 	.db #0xd0	; 208
   0124 50                  343 	.db #0x50	; 80	'P'
   0125 F0                  344 	.db #0xf0	; 240
   0126 C0                  345 	.db #0xc0	; 192
   0127 C0                  346 	.db #0xc0	; 192
   0128 80                  347 	.db #0x80	; 128
   0129 C0                  348 	.db #0xc0	; 192
   012A 40                  349 	.db #0x40	; 64
   012B C0                  350 	.db #0xc0	; 192
   012C C0                  351 	.db #0xc0	; 192
   012D C0                  352 	.db #0xc0	; 192
   012E 00                  353 	.db #0x00	; 0
   012F 40                  354 	.db #0x40	; 64
   0130 00                  355 	.db #0x00	; 0
   0131 00                  356 	.db #0x00	; 0
   0132 0C                  357 	.db #0x0c	; 12
   0133 0C                  358 	.db #0x0c	; 12
   0134 08                  359 	.db #0x08	; 8
   0135 00                  360 	.db #0x00	; 0
   0136 00                  361 	.db #0x00	; 0
   0137 00                  362 	.db #0x00	; 0
   0138 C0                  363 	.db #0xc0	; 192
   0139 84                  364 	.db #0x84	; 132
   013A 0C                  365 	.db #0x0c	; 12
   013B 00                  366 	.db #0x00	; 0
   013C 00                  367 	.db #0x00	; 0
   013D 40                  368 	.db #0x40	; 64
   013E C0                  369 	.db #0xc0	; 192
   013F C0                  370 	.db #0xc0	; 192
   0140 0C                  371 	.db #0x0c	; 12
   0141 08                  372 	.db #0x08	; 8
   0142 00                  373 	.db #0x00	; 0
   0143 0C                  374 	.db #0x0c	; 12
   0144 48                  375 	.db #0x48	; 72	'H'
   0145 C0                  376 	.db #0xc0	; 192
   0146 0C                  377 	.db #0x0c	; 12
   0147 08                  378 	.db #0x08	; 8
   0148 00                  379 	.db #0x00	; 0
   0149 0C                  380 	.db #0x0c	; 12
   014A 48                  381 	.db #0x48	; 72	'H'
   014B C0                  382 	.db #0xc0	; 192
   014C 84                  383 	.db #0x84	; 132
   014D 0C                  384 	.db #0x0c	; 12
   014E 00                  385 	.db #0x00	; 0
   014F CC                  386 	.db #0xcc	; 204
   0150 CC                  387 	.db #0xcc	; 204
   0151 C0                  388 	.db #0xc0	; 192
   0152 C0                  389 	.db #0xc0	; 192
   0153 0C                  390 	.db #0x0c	; 12
   0154 00                  391 	.db #0x00	; 0
   0155 CC                  392 	.db #0xcc	; 204
   0156 CC                  393 	.db #0xcc	; 204
   0157 C0                  394 	.db #0xc0	; 192
   0158 C0                  395 	.db #0xc0	; 192
   0159 0C                  396 	.db #0x0c	; 12
   015A 4C                  397 	.db #0x4c	; 76	'L'
   015B 8C                  398 	.db #0x8c	; 140
   015C CC                  399 	.db #0xcc	; 204
   015D C0                  400 	.db #0xc0	; 192
   015E C0                  401 	.db #0xc0	; 192
   015F 0C                  402 	.db #0x0c	; 12
   0160 0C                  403 	.db #0x0c	; 12
   0161 0C                  404 	.db #0x0c	; 12
   0162 C4                  405 	.db #0xc4	; 196
   0163 C0                  406 	.db #0xc0	; 192
   0164 C0                  407 	.db #0xc0	; 192
   0165 48                  408 	.db #0x48	; 72	'H'
   0166 48                  409 	.db #0x48	; 72	'H'
   0167 84                  410 	.db #0x84	; 132
   0168 84                  411 	.db #0x84	; 132
   0169 C0                  412 	.db #0xc0	; 192
   016A 0C                  413 	.db #0x0c	; 12
   016B 48                  414 	.db #0x48	; 72	'H'
   016C 48                  415 	.db #0x48	; 72	'H'
   016D 84                  416 	.db #0x84	; 132
   016E 84                  417 	.db #0x84	; 132
   016F 48                  418 	.db #0x48	; 72	'H'
   0170 48                  419 	.db #0x48	; 72	'H'
   0171 48                  420 	.db #0x48	; 72	'H'
   0172 40                  421 	.db #0x40	; 64
   0173 C0                  422 	.db #0xc0	; 192
   0174 C0                  423 	.db #0xc0	; 192
   0175 48                  424 	.db #0x48	; 72	'H'
   0176 48                  425 	.db #0x48	; 72	'H'
   0177 48                  426 	.db #0x48	; 72	'H'
   0178 00                  427 	.db #0x00	; 0
   0179 80                  428 	.db #0x80	; 128
   017A C0                  429 	.db #0xc0	; 192
   017B C0                  430 	.db #0xc0	; 192
   017C 48                  431 	.db #0x48	; 72	'H'
   017D 48                  432 	.db #0x48	; 72	'H'
   017E 00                  433 	.db #0x00	; 0
   017F C0                  434 	.db #0xc0	; 192
   0180 C0                  435 	.db #0xc0	; 192
   0181 C0                  436 	.db #0xc0	; 192
   0182 48                  437 	.db #0x48	; 72	'H'
   0183 84                  438 	.db #0x84	; 132
   0184 00                  439 	.db #0x00	; 0
   0185 0C                  440 	.db #0x0c	; 12
   0186 0C                  441 	.db #0x0c	; 12
   0187 0C                  442 	.db #0x0c	; 12
   0188 04                  443 	.db #0x04	; 4
   0189 08                  444 	.db #0x08	; 8
   018A 00                  445 	.db #0x00	; 0
   018B 00                  446 	.db #0x00	; 0
   018C 00                  447 	.db #0x00	; 0
   018D 00                  448 	.db #0x00	; 0
   018E 00                  449 	.db #0x00	; 0
   018F 00                  450 	.db #0x00	; 0
   0190 00                  451 	.db #0x00	; 0
   0191 40                  452 	.db #0x40	; 64
   0192 C0                  453 	.db #0xc0	; 192
   0193 C0                  454 	.db #0xc0	; 192
   0194 00                  455 	.db #0x00	; 0
   0195 00                  456 	.db #0x00	; 0
   0196 00                  457 	.db #0x00	; 0
   0197 40                  458 	.db #0x40	; 64
   0198 F0                  459 	.db #0xf0	; 240
   0199 F0                  460 	.db #0xf0	; 240
   019A A0                  461 	.db #0xa0	; 160
   019B 00                  462 	.db #0x00	; 0
   019C 00                  463 	.db #0x00	; 0
   019D 80                  464 	.db #0x80	; 128
   019E C0                  465 	.db #0xc0	; 192
   019F C0                  466 	.db #0xc0	; 192
   01A0 A0                  467 	.db #0xa0	; 160
   01A1 00                  468 	.db #0x00	; 0
   01A2 40                  469 	.db #0x40	; 64
   01A3 80                  470 	.db #0x80	; 128
   01A4 F0                  471 	.db #0xf0	; 240
   01A5 F0                  472 	.db #0xf0	; 240
   01A6 F0                  473 	.db #0xf0	; 240
   01A7 00                  474 	.db #0x00	; 0
   01A8 40                  475 	.db #0x40	; 64
   01A9 C0                  476 	.db #0xc0	; 192
   01AA F0                  477 	.db #0xf0	; 240
   01AB F0                  478 	.db #0xf0	; 240
   01AC F0                  479 	.db #0xf0	; 240
   01AD 00                  480 	.db #0x00	; 0
   01AE C0                  481 	.db #0xc0	; 192
   01AF D0                  482 	.db #0xd0	; 208
   01B0 F0                  483 	.db #0xf0	; 240
   01B1 F0                  484 	.db #0xf0	; 240
   01B2 F0                  485 	.db #0xf0	; 240
   01B3 50                  486 	.db #0x50	; 80	'P'
   01B4 C0                  487 	.db #0xc0	; 192
   01B5 D0                  488 	.db #0xd0	; 208
   01B6 F0                  489 	.db #0xf0	; 240
   01B7 F0                  490 	.db #0xf0	; 240
   01B8 F0                  491 	.db #0xf0	; 240
   01B9 50                  492 	.db #0x50	; 80	'P'
   01BA D0                  493 	.db #0xd0	; 208
   01BB F0                  494 	.db #0xf0	; 240
   01BC F0                  495 	.db #0xf0	; 240
   01BD F0                  496 	.db #0xf0	; 240
   01BE F0                  497 	.db #0xf0	; 240
   01BF D0                  498 	.db #0xd0	; 208
   01C0 D0                  499 	.db #0xd0	; 208
   01C1 D0                  500 	.db #0xd0	; 208
   01C2 E0                  501 	.db #0xe0	; 224
   01C3 F0                  502 	.db #0xf0	; 240
   01C4 F0                  503 	.db #0xf0	; 240
   01C5 F0                  504 	.db #0xf0	; 240
   01C6 C0                  505 	.db #0xc0	; 192
   01C7 F0                  506 	.db #0xf0	; 240
   01C8 F0                  507 	.db #0xf0	; 240
   01C9 F0                  508 	.db #0xf0	; 240
   01CA E0                  509 	.db #0xe0	; 224
   01CB D0                  510 	.db #0xd0	; 208
   01CC C0                  511 	.db #0xc0	; 192
   01CD D0                  512 	.db #0xd0	; 208
   01CE F0                  513 	.db #0xf0	; 240
   01CF F0                  514 	.db #0xf0	; 240
   01D0 C0                  515 	.db #0xc0	; 192
   01D1 F0                  516 	.db #0xf0	; 240
   01D2 40                  517 	.db #0x40	; 64
   01D3 C0                  518 	.db #0xc0	; 192
   01D4 F0                  519 	.db #0xf0	; 240
   01D5 E0                  520 	.db #0xe0	; 224
   01D6 C0                  521 	.db #0xc0	; 192
   01D7 40                  522 	.db #0x40	; 64
   01D8 40                  523 	.db #0x40	; 64
   01D9 C0                  524 	.db #0xc0	; 192
   01DA C0                  525 	.db #0xc0	; 192
   01DB C0                  526 	.db #0xc0	; 192
   01DC C0                  527 	.db #0xc0	; 192
   01DD 00                  528 	.db #0x00	; 0
   01DE 00                  529 	.db #0x00	; 0
   01DF C0                  530 	.db #0xc0	; 192
   01E0 C0                  531 	.db #0xc0	; 192
   01E1 C0                  532 	.db #0xc0	; 192
   01E2 80                  533 	.db #0x80	; 128
   01E3 00                  534 	.db #0x00	; 0
   01E4 00                  535 	.db #0x00	; 0
   01E5 C0                  536 	.db #0xc0	; 192
   01E6 F0                  537 	.db #0xf0	; 240
   01E7 E0                  538 	.db #0xe0	; 224
   01E8 80                  539 	.db #0x80	; 128
   01E9 00                  540 	.db #0x00	; 0
   01EA 00                  541 	.db #0x00	; 0
   01EB 40                  542 	.db #0x40	; 64
   01EC C0                  543 	.db #0xc0	; 192
   01ED C0                  544 	.db #0xc0	; 192
   01EE 00                  545 	.db #0x00	; 0
   01EF 00                  546 	.db #0x00	; 0
   01F0 00                  547 	.db #0x00	; 0
   01F1 00                  548 	.db #0x00	; 0
   01F2 04                  549 	.db #0x04	; 4
   01F3 08                  550 	.db #0x08	; 8
   01F4 00                  551 	.db #0x00	; 0
   01F5 00                  552 	.db #0x00	; 0
   01F6 00                  553 	.db #0x00	; 0
   01F7 04                  554 	.db #0x04	; 4
   01F8 0C                  555 	.db #0x0c	; 12
   01F9 08                  556 	.db #0x08	; 8
   01FA 00                  557 	.db #0x00	; 0
   01FB 04                  558 	.db #0x04	; 4
   01FC 04                  559 	.db #0x04	; 4
   01FD 0C                  560 	.db #0x0c	; 12
   01FE 48                  561 	.db #0x48	; 72	'H'
   01FF 84                  562 	.db #0x84	; 132
   0200 08                  563 	.db #0x08	; 8
   0201 04                  564 	.db #0x04	; 4
   0202 48                  565 	.db #0x48	; 72	'H'
   0203 C0                  566 	.db #0xc0	; 192
   0204 C0                  567 	.db #0xc0	; 192
   0205 C0                  568 	.db #0xc0	; 192
   0206 0C                  569 	.db #0x0c	; 12
   0207 48                  570 	.db #0x48	; 72	'H'
   0208 0C                  571 	.db #0x0c	; 12
   0209 C0                  572 	.db #0xc0	; 192
   020A 0C                  573 	.db #0x0c	; 12
   020B C0                  574 	.db #0xc0	; 192
   020C 84                  575 	.db #0x84	; 132
   020D 48                  576 	.db #0x48	; 72	'H'
   020E 84                  577 	.db #0x84	; 132
   020F C0                  578 	.db #0xc0	; 192
   0210 0C                  579 	.db #0x0c	; 12
   0211 C0                  580 	.db #0xc0	; 192
   0212 C0                  581 	.db #0xc0	; 192
   0213 C0                  582 	.db #0xc0	; 192
   0214 C0                  583 	.db #0xc0	; 192
   0215 C0                  584 	.db #0xc0	; 192
   0216 84                  585 	.db #0x84	; 132
   0217 C0                  586 	.db #0xc0	; 192
   0218 C0                  587 	.db #0xc0	; 192
   0219 48                  588 	.db #0x48	; 72	'H'
   021A 48                  589 	.db #0x48	; 72	'H'
   021B 84                  590 	.db #0x84	; 132
   021C 0C                  591 	.db #0x0c	; 12
   021D C0                  592 	.db #0xc0	; 192
   021E C0                  593 	.db #0xc0	; 192
   021F 48                  594 	.db #0x48	; 72	'H'
   0220 48                  595 	.db #0x48	; 72	'H'
   0221 C0                  596 	.db #0xc0	; 192
   0222 C0                  597 	.db #0xc0	; 192
   0223 C0                  598 	.db #0xc0	; 192
   0224 C0                  599 	.db #0xc0	; 192
   0225 48                  600 	.db #0x48	; 72	'H'
   0226 48                  601 	.db #0x48	; 72	'H'
   0227 C0                  602 	.db #0xc0	; 192
   0228 C0                  603 	.db #0xc0	; 192
   0229 C0                  604 	.db #0xc0	; 192
   022A C0                  605 	.db #0xc0	; 192
   022B C0                  606 	.db #0xc0	; 192
   022C 48                  607 	.db #0x48	; 72	'H'
   022D 84                  608 	.db #0x84	; 132
   022E C0                  609 	.db #0xc0	; 192
   022F C0                  610 	.db #0xc0	; 192
   0230 84                  611 	.db #0x84	; 132
   0231 C0                  612 	.db #0xc0	; 192
   0232 04                  613 	.db #0x04	; 4
   0233 0C                  614 	.db #0x0c	; 12
   0234 48                  615 	.db #0x48	; 72	'H'
   0235 48                  616 	.db #0x48	; 72	'H'
   0236 84                  617 	.db #0x84	; 132
   0237 48                  618 	.db #0x48	; 72	'H'
   0238 40                  619 	.db #0x40	; 64
   0239 C0                  620 	.db #0xc0	; 192
   023A 84                  621 	.db #0x84	; 132
   023B C0                  622 	.db #0xc0	; 192
   023C 0C                  623 	.db #0x0c	; 12
   023D 04                  624 	.db #0x04	; 4
   023E 00                  625 	.db #0x00	; 0
   023F C0                  626 	.db #0xc0	; 192
   0240 C0                  627 	.db #0xc0	; 192
   0241 C0                  628 	.db #0xc0	; 192
   0242 0C                  629 	.db #0x0c	; 12
   0243 04                  630 	.db #0x04	; 4
   0244 00                  631 	.db #0x00	; 0
   0245 C0                  632 	.db #0xc0	; 192
   0246 C0                  633 	.db #0xc0	; 192
   0247 84                  634 	.db #0x84	; 132
   0248 0C                  635 	.db #0x0c	; 12
   0249 00                  636 	.db #0x00	; 0
   024A 00                  637 	.db #0x00	; 0
   024B 04                  638 	.db #0x04	; 4
   024C 0C                  639 	.db #0x0c	; 12
   024D 08                  640 	.db #0x08	; 8
   024E 00                  641 	.db #0x00	; 0
   024F 00                  642 	.db #0x00	; 0
   0250 00                  643 	.db #0x00	; 0
   0251 00                  644 	.db #0x00	; 0
   0252 0C                  645 	.db #0x0c	; 12
   0253 0C                  646 	.db #0x0c	; 12
   0254 08                  647 	.db #0x08	; 8
   0255 00                  648 	.db #0x00	; 0
   0256 00                  649 	.db #0x00	; 0
   0257 00                  650 	.db #0x00	; 0
   0258 FC                  651 	.db #0xfc	; 252
   0259 FC                  652 	.db #0xfc	; 252
   025A 0C                  653 	.db #0x0c	; 12
   025B 00                  654 	.db #0x00	; 0
   025C 00                  655 	.db #0x00	; 0
   025D 54                  656 	.db #0x54	; 84	'T'
   025E EC                  657 	.db #0xec	; 236
   025F DC                  658 	.db #0xdc	; 220
   0260 0C                  659 	.db #0x0c	; 12
   0261 08                  660 	.db #0x08	; 8
   0262 00                  661 	.db #0x00	; 0
   0263 0C                  662 	.db #0x0c	; 12
   0264 FC                  663 	.db #0xfc	; 252
   0265 FC                  664 	.db #0xfc	; 252
   0266 0C                  665 	.db #0x0c	; 12
   0267 08                  666 	.db #0x08	; 8
   0268 00                  667 	.db #0x00	; 0
   0269 0C                  668 	.db #0x0c	; 12
   026A 5C                  669 	.db #0x5c	; 92
   026B FC                  670 	.db #0xfc	; 252
   026C AC                  671 	.db #0xac	; 172
   026D 0C                  672 	.db #0x0c	; 12
   026E 00                  673 	.db #0x00	; 0
   026F CC                  674 	.db #0xcc	; 204
   0270 CC                  675 	.db #0xcc	; 204
   0271 FC                  676 	.db #0xfc	; 252
   0272 FC                  677 	.db #0xfc	; 252
   0273 0C                  678 	.db #0x0c	; 12
   0274 00                  679 	.db #0x00	; 0
   0275 CC                  680 	.db #0xcc	; 204
   0276 CC                  681 	.db #0xcc	; 204
   0277 FC                  682 	.db #0xfc	; 252
   0278 FC                  683 	.db #0xfc	; 252
   0279 0C                  684 	.db #0x0c	; 12
   027A 4C                  685 	.db #0x4c	; 76	'L'
   027B 8C                  686 	.db #0x8c	; 140
   027C CC                  687 	.db #0xcc	; 204
   027D FC                  688 	.db #0xfc	; 252
   027E FC                  689 	.db #0xfc	; 252
   027F 0C                  690 	.db #0x0c	; 12
   0280 0C                  691 	.db #0x0c	; 12
   0281 0C                  692 	.db #0x0c	; 12
   0282 EC                  693 	.db #0xec	; 236
   0283 FC                  694 	.db #0xfc	; 252
   0284 FC                  695 	.db #0xfc	; 252
   0285 5C                  696 	.db #0x5c	; 92
   0286 5C                  697 	.db #0x5c	; 92
   0287 AC                  698 	.db #0xac	; 172
   0288 AC                  699 	.db #0xac	; 172
   0289 FC                  700 	.db #0xfc	; 252
   028A 0C                  701 	.db #0x0c	; 12
   028B 5C                  702 	.db #0x5c	; 92
   028C 5C                  703 	.db #0x5c	; 92
   028D AC                  704 	.db #0xac	; 172
   028E AC                  705 	.db #0xac	; 172
   028F 5C                  706 	.db #0x5c	; 92
   0290 5C                  707 	.db #0x5c	; 92
   0291 5C                  708 	.db #0x5c	; 92
   0292 54                  709 	.db #0x54	; 84	'T'
   0293 FC                  710 	.db #0xfc	; 252
   0294 FC                  711 	.db #0xfc	; 252
   0295 5C                  712 	.db #0x5c	; 92
   0296 5C                  713 	.db #0x5c	; 92
   0297 5C                  714 	.db #0x5c	; 92
   0298 00                  715 	.db #0x00	; 0
   0299 A8                  716 	.db #0xa8	; 168
   029A FC                  717 	.db #0xfc	; 252
   029B FC                  718 	.db #0xfc	; 252
   029C 5C                  719 	.db #0x5c	; 92
   029D 5C                  720 	.db #0x5c	; 92
   029E 00                  721 	.db #0x00	; 0
   029F FC                  722 	.db #0xfc	; 252
   02A0 FC                  723 	.db #0xfc	; 252
   02A1 FC                  724 	.db #0xfc	; 252
   02A2 5C                  725 	.db #0x5c	; 92
   02A3 AC                  726 	.db #0xac	; 172
   02A4 00                  727 	.db #0x00	; 0
   02A5 0C                  728 	.db #0x0c	; 12
   02A6 0C                  729 	.db #0x0c	; 12
   02A7 0C                  730 	.db #0x0c	; 12
   02A8 04                  731 	.db #0x04	; 4
   02A9 08                  732 	.db #0x08	; 8
   02AA 00                  733 	.db #0x00	; 0
   02AB 00                  734 	.db #0x00	; 0
   02AC 00                  735 	.db #0x00	; 0
   02AD 00                  736 	.db #0x00	; 0
   02AE 00                  737 	.db #0x00	; 0
   02AF 00                  738 	.db #0x00	; 0
   02B0 00                  739 	.db #0x00	; 0
   02B1 04                  740 	.db #0x04	; 4
   02B2 0C                  741 	.db #0x0c	; 12
   02B3 00                  742 	.db #0x00	; 0
   02B4 00                  743 	.db #0x00	; 0
   02B5 04                  744 	.db #0x04	; 4
   02B6 04                  745 	.db #0x04	; 4
   02B7 1C                  746 	.db #0x1c	; 28
   02B8 3C                  747 	.db #0x3c	; 60
   02B9 08                  748 	.db #0x08	; 8
   02BA 00                  749 	.db #0x00	; 0
   02BB 04                  750 	.db #0x04	; 4
   02BC 1C                  751 	.db #0x1c	; 28
   02BD 3C                  752 	.db #0x3c	; 60
   02BE 0C                  753 	.db #0x0c	; 12
   02BF 8C                  754 	.db #0x8c	; 140
   02C0 00                  755 	.db #0x00	; 0
   02C1 04                  756 	.db #0x04	; 4
   02C2 1C                  757 	.db #0x1c	; 28
   02C3 3C                  758 	.db #0x3c	; 60
   02C4 0C                  759 	.db #0x0c	; 12
   02C5 CC                  760 	.db #0xcc	; 204
   02C6 08                  761 	.db #0x08	; 8
   02C7 0C                  762 	.db #0x0c	; 12
   02C8 3C                  763 	.db #0x3c	; 60
   02C9 3C                  764 	.db #0x3c	; 60
   02CA 8C                  765 	.db #0x8c	; 140
   02CB CC                  766 	.db #0xcc	; 204
   02CC 08                  767 	.db #0x08	; 8
   02CD 0C                  768 	.db #0x0c	; 12
   02CE 3C                  769 	.db #0x3c	; 60
   02CF 2C                  770 	.db #0x2c	; 44
   02D0 1C                  771 	.db #0x1c	; 28
   02D1 3C                  772 	.db #0x3c	; 60
   02D2 2C                  773 	.db #0x2c	; 44
   02D3 2C                  774 	.db #0x2c	; 44
   02D4 1C                  775 	.db #0x1c	; 28
   02D5 3C                  776 	.db #0x3c	; 60
   02D6 3C                  777 	.db #0x3c	; 60
   02D7 3C                  778 	.db #0x3c	; 60
   02D8 3C                  779 	.db #0x3c	; 60
   02D9 0C                  780 	.db #0x0c	; 12
   02DA 1C                  781 	.db #0x1c	; 28
   02DB 3C                  782 	.db #0x3c	; 60
   02DC 3C                  783 	.db #0x3c	; 60
   02DD 3C                  784 	.db #0x3c	; 60
   02DE 3C                  785 	.db #0x3c	; 60
   02DF 0C                  786 	.db #0x0c	; 12
   02E0 2C                  787 	.db #0x2c	; 44
   02E1 1C                  788 	.db #0x1c	; 28
   02E2 3C                  789 	.db #0x3c	; 60
   02E3 3C                  790 	.db #0x3c	; 60
   02E4 3C                  791 	.db #0x3c	; 60
   02E5 0C                  792 	.db #0x0c	; 12
   02E6 0C                  793 	.db #0x0c	; 12
   02E7 0C                  794 	.db #0x0c	; 12
   02E8 3C                  795 	.db #0x3c	; 60
   02E9 3C                  796 	.db #0x3c	; 60
   02EA 3C                  797 	.db #0x3c	; 60
   02EB 0C                  798 	.db #0x0c	; 12
   02EC 2C                  799 	.db #0x2c	; 44
   02ED 0C                  800 	.db #0x0c	; 12
   02EE 1C                  801 	.db #0x1c	; 28
   02EF 3C                  802 	.db #0x3c	; 60
   02F0 2C                  803 	.db #0x2c	; 44
   02F1 2C                  804 	.db #0x2c	; 44
   02F2 2C                  805 	.db #0x2c	; 44
   02F3 1C                  806 	.db #0x1c	; 28
   02F4 9C                  807 	.db #0x9c	; 156
   02F5 3C                  808 	.db #0x3c	; 60
   02F6 2C                  809 	.db #0x2c	; 44
   02F7 2C                  810 	.db #0x2c	; 44
   02F8 1C                  811 	.db #0x1c	; 28
   02F9 3C                  812 	.db #0x3c	; 60
   02FA 3C                  813 	.db #0x3c	; 60
   02FB 1C                  814 	.db #0x1c	; 28
   02FC 3C                  815 	.db #0x3c	; 60
   02FD 28                  816 	.db #0x28	; 40
   02FE 04                  817 	.db #0x04	; 4
   02FF 3C                  818 	.db #0x3c	; 60
   0300 9C                  819 	.db #0x9c	; 156
   0301 3C                  820 	.db #0x3c	; 60
   0302 0C                  821 	.db #0x0c	; 12
   0303 28                  822 	.db #0x28	; 40
   0304 00                  823 	.db #0x00	; 0
   0305 0C                  824 	.db #0x0c	; 12
   0306 9C                  825 	.db #0x9c	; 156
   0307 3C                  826 	.db #0x3c	; 60
   0308 3C                  827 	.db #0x3c	; 60
   0309 00                  828 	.db #0x00	; 0
   030A 00                  829 	.db #0x00	; 0
   030B 00                  830 	.db #0x00	; 0
   030C 0C                  831 	.db #0x0c	; 12
   030D 08                  832 	.db #0x08	; 8
   030E 00                  833 	.db #0x00	; 0
   030F 00                  834 	.db #0x00	; 0
   0310 00                  835 	.db #0x00	; 0
   0311 00                  836 	.db #0x00	; 0
   0312 04                  837 	.db #0x04	; 4
   0313 08                  838 	.db #0x08	; 8
   0314 00                  839 	.db #0x00	; 0
   0315 00                  840 	.db #0x00	; 0
   0316 00                  841 	.db #0x00	; 0
   0317 04                  842 	.db #0x04	; 4
   0318 0C                  843 	.db #0x0c	; 12
   0319 08                  844 	.db #0x08	; 8
   031A 00                  845 	.db #0x00	; 0
   031B 04                  846 	.db #0x04	; 4
   031C 04                  847 	.db #0x04	; 4
   031D 0C                  848 	.db #0x0c	; 12
   031E 4C                  849 	.db #0x4c	; 76	'L'
   031F 8C                  850 	.db #0x8c	; 140
   0320 08                  851 	.db #0x08	; 8
   0321 04                  852 	.db #0x04	; 4
   0322 4C                  853 	.db #0x4c	; 76	'L'
   0323 CC                  854 	.db #0xcc	; 204
   0324 CC                  855 	.db #0xcc	; 204
   0325 CC                  856 	.db #0xcc	; 204
   0326 0C                  857 	.db #0x0c	; 12
   0327 4C                  858 	.db #0x4c	; 76	'L'
   0328 0C                  859 	.db #0x0c	; 12
   0329 CC                  860 	.db #0xcc	; 204
   032A 0C                  861 	.db #0x0c	; 12
   032B CC                  862 	.db #0xcc	; 204
   032C 8C                  863 	.db #0x8c	; 140
   032D 4C                  864 	.db #0x4c	; 76	'L'
   032E 8C                  865 	.db #0x8c	; 140
   032F CC                  866 	.db #0xcc	; 204
   0330 0C                  867 	.db #0x0c	; 12
   0331 CC                  868 	.db #0xcc	; 204
   0332 CC                  869 	.db #0xcc	; 204
   0333 CC                  870 	.db #0xcc	; 204
   0334 CC                  871 	.db #0xcc	; 204
   0335 CC                  872 	.db #0xcc	; 204
   0336 8C                  873 	.db #0x8c	; 140
   0337 CC                  874 	.db #0xcc	; 204
   0338 CC                  875 	.db #0xcc	; 204
   0339 4C                  876 	.db #0x4c	; 76	'L'
   033A 4C                  877 	.db #0x4c	; 76	'L'
   033B 8C                  878 	.db #0x8c	; 140
   033C 0C                  879 	.db #0x0c	; 12
   033D CC                  880 	.db #0xcc	; 204
   033E CC                  881 	.db #0xcc	; 204
   033F 4C                  882 	.db #0x4c	; 76	'L'
   0340 4C                  883 	.db #0x4c	; 76	'L'
   0341 CC                  884 	.db #0xcc	; 204
   0342 CC                  885 	.db #0xcc	; 204
   0343 CC                  886 	.db #0xcc	; 204
   0344 CC                  887 	.db #0xcc	; 204
   0345 4C                  888 	.db #0x4c	; 76	'L'
   0346 4C                  889 	.db #0x4c	; 76	'L'
   0347 CC                  890 	.db #0xcc	; 204
   0348 CC                  891 	.db #0xcc	; 204
   0349 CC                  892 	.db #0xcc	; 204
   034A CC                  893 	.db #0xcc	; 204
   034B CC                  894 	.db #0xcc	; 204
   034C 4C                  895 	.db #0x4c	; 76	'L'
   034D 8C                  896 	.db #0x8c	; 140
   034E CC                  897 	.db #0xcc	; 204
   034F CC                  898 	.db #0xcc	; 204
   0350 8C                  899 	.db #0x8c	; 140
   0351 CC                  900 	.db #0xcc	; 204
   0352 04                  901 	.db #0x04	; 4
   0353 0C                  902 	.db #0x0c	; 12
   0354 4C                  903 	.db #0x4c	; 76	'L'
   0355 4C                  904 	.db #0x4c	; 76	'L'
   0356 8C                  905 	.db #0x8c	; 140
   0357 4C                  906 	.db #0x4c	; 76	'L'
   0358 44                  907 	.db #0x44	; 68	'D'
   0359 CC                  908 	.db #0xcc	; 204
   035A 8C                  909 	.db #0x8c	; 140
   035B CC                  910 	.db #0xcc	; 204
   035C 0C                  911 	.db #0x0c	; 12
   035D 04                  912 	.db #0x04	; 4
   035E 00                  913 	.db #0x00	; 0
   035F CC                  914 	.db #0xcc	; 204
   0360 CC                  915 	.db #0xcc	; 204
   0361 CC                  916 	.db #0xcc	; 204
   0362 0C                  917 	.db #0x0c	; 12
   0363 04                  918 	.db #0x04	; 4
   0364 00                  919 	.db #0x00	; 0
   0365 CC                  920 	.db #0xcc	; 204
   0366 CC                  921 	.db #0xcc	; 204
   0367 8C                  922 	.db #0x8c	; 140
   0368 0C                  923 	.db #0x0c	; 12
   0369 00                  924 	.db #0x00	; 0
   036A 00                  925 	.db #0x00	; 0
   036B 04                  926 	.db #0x04	; 4
   036C 0C                  927 	.db #0x0c	; 12
   036D 08                  928 	.db #0x08	; 8
   036E 00                  929 	.db #0x00	; 0
   036F 00                  930 	.db #0x00	; 0
   0370 00                  931 	.db #0x00	; 0
   0371 00                  932 	.db #0x00	; 0
   0372 30                  933 	.db #0x30	; 48	'0'
   0373 20                  934 	.db #0x20	; 32
   0374 00                  935 	.db #0x00	; 0
   0375 00                  936 	.db #0x00	; 0
   0376 00                  937 	.db #0x00	; 0
   0377 10                  938 	.db #0x10	; 16
   0378 12                  939 	.db #0x12	; 18
   0379 12                  940 	.db #0x12	; 18
   037A 20                  941 	.db #0x20	; 32
   037B 00                  942 	.db #0x00	; 0
   037C 00                  943 	.db #0x00	; 0
   037D 30                  944 	.db #0x30	; 48	'0'
   037E 30                  945 	.db #0x30	; 48	'0'
   037F 21                  946 	.db #0x21	; 33
   0380 30                  947 	.db #0x30	; 48	'0'
   0381 00                  948 	.db #0x00	; 0
   0382 00                  949 	.db #0x00	; 0
   0383 38                  950 	.db #0x38	; 56	'8'
   0384 03                  951 	.db #0x03	; 3
   0385 21                  952 	.db #0x21	; 33
   0386 34                  953 	.db #0x34	; 52	'4'
   0387 20                  954 	.db #0x20	; 32
   0388 00                  955 	.db #0x00	; 0
   0389 34                  956 	.db #0x34	; 52	'4'
   038A 21                  957 	.db #0x21	; 33
   038B 21                  958 	.db #0x21	; 33
   038C 12                  959 	.db #0x12	; 18
   038D 30                  960 	.db #0x30	; 48	'0'
   038E 10                  961 	.db #0x10	; 16
   038F 34                  962 	.db #0x34	; 52	'4'
   0390 21                  963 	.db #0x21	; 33
   0391 21                  964 	.db #0x21	; 33
   0392 12                  965 	.db #0x12	; 18
   0393 30                  966 	.db #0x30	; 48	'0'
   0394 10                  967 	.db #0x10	; 16
   0395 30                  968 	.db #0x30	; 48	'0'
   0396 21                  969 	.db #0x21	; 33
   0397 21                  970 	.db #0x21	; 33
   0398 21                  971 	.db #0x21	; 33
   0399 30                  972 	.db #0x30	; 48	'0'
   039A 30                  973 	.db #0x30	; 48	'0'
   039B 64                  974 	.db #0x64	; 100	'd'
   039C 03                  975 	.db #0x03	; 3
   039D 21                  976 	.db #0x21	; 33
   039E 21                  977 	.db #0x21	; 33
   039F 30                  978 	.db #0x30	; 48	'0'
   03A0 0C                  979 	.db #0x0c	; 12
   03A1 0C                  980 	.db #0x0c	; 12
   03A2 21                  981 	.db #0x21	; 33
   03A3 03                  982 	.db #0x03	; 3
   03A4 21                  983 	.db #0x21	; 33
   03A5 30                  984 	.db #0x30	; 48	'0'
   03A6 30                  985 	.db #0x30	; 48	'0'
   03A7 64                  986 	.db #0x64	; 100	'd'
   03A8 21                  987 	.db #0x21	; 33
   03A9 03                  988 	.db #0x03	; 3
   03AA 21                  989 	.db #0x21	; 33
   03AB 30                  990 	.db #0x30	; 48	'0'
   03AC 34                  991 	.db #0x34	; 52	'4'
   03AD 34                  992 	.db #0x34	; 52	'4'
   03AE 12                  993 	.db #0x12	; 18
   03AF 03                  994 	.db #0x03	; 3
   03B0 21                  995 	.db #0x21	; 33
   03B1 30                  996 	.db #0x30	; 48	'0'
   03B2 14                  997 	.db #0x14	; 20
   03B3 30                  998 	.db #0x30	; 48	'0'
   03B4 12                  999 	.db #0x12	; 18
   03B5 21                 1000 	.db #0x21	; 33
   03B6 21                 1001 	.db #0x21	; 33
   03B7 30                 1002 	.db #0x30	; 48	'0'
   03B8 10                 1003 	.db #0x10	; 16
   03B9 34                 1004 	.db #0x34	; 52	'4'
   03BA 12                 1005 	.db #0x12	; 18
   03BB 21                 1006 	.db #0x21	; 33
   03BC 30                 1007 	.db #0x30	; 48	'0'
   03BD 30                 1008 	.db #0x30	; 48	'0'
   03BE 14                 1009 	.db #0x14	; 20
   03BF 3C                 1010 	.db #0x3c	; 60
   03C0 03                 1011 	.db #0x03	; 3
   03C1 21                 1012 	.db #0x21	; 33
   03C2 12                 1013 	.db #0x12	; 18
   03C3 30                 1014 	.db #0x30	; 48	'0'
   03C4 10                 1015 	.db #0x10	; 16
   03C5 3C                 1016 	.db #0x3c	; 60
   03C6 21                 1017 	.db #0x21	; 33
   03C7 21                 1018 	.db #0x21	; 33
   03C8 30                 1019 	.db #0x30	; 48	'0'
   03C9 20                 1020 	.db #0x20	; 32
   03CA 00                 1021 	.db #0x00	; 0
   03CB 30                 1022 	.db #0x30	; 48	'0'
   03CC 30                 1023 	.db #0x30	; 48	'0'
   03CD 30                 1024 	.db #0x30	; 48	'0'
   03CE 30                 1025 	.db #0x30	; 48	'0'
   03CF 00                 1026 	.db #0x00	; 0
   03D0 00                 1027 	.db #0x00	; 0
   03D1 44                 1028 	.db #0x44	; 68	'D'
   03D2 00                 1029 	.db #0x00	; 0
   03D3 44                 1030 	.db #0x44	; 68	'D'
   03D4 88                 1031 	.db #0x88	; 136
   03D5 00                 1032 	.db #0x00	; 0
   03D6 00                 1033 	.db #0x00	; 0
   03D7 CC                 1034 	.db #0xcc	; 204
   03D8 88                 1035 	.db #0x88	; 136
   03D9 44                 1036 	.db #0x44	; 68	'D'
   03DA 10                 1037 	.db #0x10	; 16
   03DB 00                 1038 	.db #0x00	; 0
   03DC 44                 1039 	.db #0x44	; 68	'D'
   03DD CC                 1040 	.db #0xcc	; 204
   03DE 44                 1041 	.db #0x44	; 68	'D'
   03DF 00                 1042 	.db #0x00	; 0
   03E0 10                 1043 	.db #0x10	; 16
   03E1 00                 1044 	.db #0x00	; 0
   03E2 44                 1045 	.db #0x44	; 68	'D'
   03E3 CC                 1046 	.db #0xcc	; 204
   03E4 44                 1047 	.db #0x44	; 68	'D'
   03E5 00                 1048 	.db #0x00	; 0
   03E6 10                 1049 	.db #0x10	; 16
   03E7 00                 1050 	.db #0x00	; 0
   03E8 00                 1051 	.db #0x00	; 0
   03E9 44                 1052 	.db #0x44	; 68	'D'
   03EA 00                 1053 	.db #0x00	; 0
   03EB 10                 1054 	.db #0x10	; 16
   03EC 10                 1055 	.db #0x10	; 16
   03ED 00                 1056 	.db #0x00	; 0
   03EE 00                 1057 	.db #0x00	; 0
   03EF 00                 1058 	.db #0x00	; 0
   03F0 00                 1059 	.db #0x00	; 0
   03F1 10                 1060 	.db #0x10	; 16
   03F2 20                 1061 	.db #0x20	; 32
   03F3 00                 1062 	.db #0x00	; 0
   03F4 00                 1063 	.db #0x00	; 0
   03F5 00                 1064 	.db #0x00	; 0
   03F6 00                 1065 	.db #0x00	; 0
   03F7 00                 1066 	.db #0x00	; 0
   03F8 CC                 1067 	.db #0xcc	; 204
   03F9 88                 1068 	.db #0x88	; 136
   03FA 44                 1069 	.db #0x44	; 68	'D'
   03FB 00                 1070 	.db #0x00	; 0
   03FC 10                 1071 	.db #0x10	; 16
   03FD 00                 1072 	.db #0x00	; 0
   03FE 9C                 1073 	.db #0x9c	; 156
   03FF 88                 1074 	.db #0x88	; 136
   0400 10                 1075 	.db #0x10	; 16
   0401 00                 1076 	.db #0x00	; 0
   0402 10                 1077 	.db #0x10	; 16
   0403 00                 1078 	.db #0x00	; 0
   0404 CC                 1079 	.db #0xcc	; 204
   0405 00                 1080 	.db #0x00	; 0
   0406 00                 1081 	.db #0x00	; 0
   0407 20                 1082 	.db #0x20	; 32
   0408 20                 1083 	.db #0x20	; 32
   0409 00                 1084 	.db #0x00	; 0
   040A CC                 1085 	.db #0xcc	; 204
   040B 00                 1086 	.db #0x00	; 0
   040C 00                 1087 	.db #0x00	; 0
   040D 10                 1088 	.db #0x10	; 16
   040E 00                 1089 	.db #0x00	; 0
   040F 44                 1090 	.db #0x44	; 68	'D'
   0410 44                 1091 	.db #0x44	; 68	'D'
   0411 00                 1092 	.db #0x00	; 0
   0412 00                 1093 	.db #0x00	; 0
   0413 00                 1094 	.db #0x00	; 0
   0414 00                 1095 	.db #0x00	; 0
   0415 44                 1096 	.db #0x44	; 68	'D'
   0416 00                 1097 	.db #0x00	; 0
   0417 10                 1098 	.db #0x10	; 16
   0418 00                 1099 	.db #0x00	; 0
   0419 00                 1100 	.db #0x00	; 0
   041A 00                 1101 	.db #0x00	; 0
   041B 10                 1102 	.db #0x10	; 16
   041C 00                 1103 	.db #0x00	; 0
   041D 10                 1104 	.db #0x10	; 16
   041E 00                 1105 	.db #0x00	; 0
   041F 00                 1106 	.db #0x00	; 0
   0420 00                 1107 	.db #0x00	; 0
   0421 00                 1108 	.db #0x00	; 0
   0422 20                 1109 	.db #0x20	; 32
   0423 20                 1110 	.db #0x20	; 32
   0424 00                 1111 	.db #0x00	; 0
   0425 00                 1112 	.db #0x00	; 0
   0426 00                 1113 	.db #0x00	; 0
   0427 00                 1114 	.db #0x00	; 0
   0428 30                 1115 	.db #0x30	; 48	'0'
   0429 20                 1116 	.db #0x20	; 32
   042A 00                 1117 	.db #0x00	; 0
   042B 00                 1118 	.db #0x00	; 0
   042C 00                 1119 	.db #0x00	; 0
   042D 00                 1120 	.db #0x00	; 0
   042E 00                 1121 	.db #0x00	; 0
   042F 00                 1122 	.db #0x00	; 0
   0430 00                 1123 	.db #0x00	; 0
   0431 00                 1124 	.db #0x00	; 0
   0432 00                 1125 	.db #0x00	; 0
   0433 00                 1126 	.db #0x00	; 0
   0434 00                 1127 	.db #0x00	; 0
   0435 00                 1128 	.db #0x00	; 0
   0436 00                 1129 	.db #0x00	; 0
   0437 00                 1130 	.db #0x00	; 0
   0438 00                 1131 	.db #0x00	; 0
   0439 00                 1132 	.db #0x00	; 0
   043A 00                 1133 	.db #0x00	; 0
   043B 00                 1134 	.db #0x00	; 0
   043C 00                 1135 	.db #0x00	; 0
   043D 00                 1136 	.db #0x00	; 0
   043E 00                 1137 	.db #0x00	; 0
   043F 00                 1138 	.db #0x00	; 0
   0440 00                 1139 	.db #0x00	; 0
   0441 00                 1140 	.db #0x00	; 0
   0442 00                 1141 	.db #0x00	; 0
   0443 00                 1142 	.db #0x00	; 0
   0444 00                 1143 	.db #0x00	; 0
   0445 00                 1144 	.db #0x00	; 0
   0446 00                 1145 	.db #0x00	; 0
   0447 00                 1146 	.db #0x00	; 0
   0448 00                 1147 	.db #0x00	; 0
   0449 00                 1148 	.db #0x00	; 0
   044A 00                 1149 	.db #0x00	; 0
   044B 00                 1150 	.db #0x00	; 0
   044C 00                 1151 	.db #0x00	; 0
   044D 00                 1152 	.db #0x00	; 0
   044E 00                 1153 	.db #0x00	; 0
   044F 00                 1154 	.db #0x00	; 0
   0450 00                 1155 	.db #0x00	; 0
   0451 00                 1156 	.db #0x00	; 0
   0452 00                 1157 	.db #0x00	; 0
   0453 00                 1158 	.db #0x00	; 0
   0454 00                 1159 	.db #0x00	; 0
   0455 00                 1160 	.db #0x00	; 0
   0456 00                 1161 	.db #0x00	; 0
   0457 00                 1162 	.db #0x00	; 0
   0458 00                 1163 	.db #0x00	; 0
   0459 00                 1164 	.db #0x00	; 0
   045A 00                 1165 	.db #0x00	; 0
   045B 00                 1166 	.db #0x00	; 0
   045C 00                 1167 	.db #0x00	; 0
   045D 00                 1168 	.db #0x00	; 0
   045E 00                 1169 	.db #0x00	; 0
   045F 00                 1170 	.db #0x00	; 0
   0460 00                 1171 	.db #0x00	; 0
   0461 00                 1172 	.db #0x00	; 0
   0462 00                 1173 	.db #0x00	; 0
   0463 00                 1174 	.db #0x00	; 0
   0464 00                 1175 	.db #0x00	; 0
   0465 00                 1176 	.db #0x00	; 0
   0466 00                 1177 	.db #0x00	; 0
   0467 00                 1178 	.db #0x00	; 0
   0468 00                 1179 	.db #0x00	; 0
   0469 00                 1180 	.db #0x00	; 0
   046A 00                 1181 	.db #0x00	; 0
   046B 00                 1182 	.db #0x00	; 0
   046C 00                 1183 	.db #0x00	; 0
   046D 00                 1184 	.db #0x00	; 0
   046E 00                 1185 	.db #0x00	; 0
   046F 00                 1186 	.db #0x00	; 0
   0470 00                 1187 	.db #0x00	; 0
   0471 00                 1188 	.db #0x00	; 0
   0472 00                 1189 	.db #0x00	; 0
   0473 00                 1190 	.db #0x00	; 0
   0474 00                 1191 	.db #0x00	; 0
   0475 00                 1192 	.db #0x00	; 0
   0476 00                 1193 	.db #0x00	; 0
   0477 00                 1194 	.db #0x00	; 0
   0478 00                 1195 	.db #0x00	; 0
   0479 00                 1196 	.db #0x00	; 0
   047A 00                 1197 	.db #0x00	; 0
   047B 00                 1198 	.db #0x00	; 0
   047C 00                 1199 	.db #0x00	; 0
   047D 00                 1200 	.db #0x00	; 0
   047E 00                 1201 	.db #0x00	; 0
   047F 00                 1202 	.db #0x00	; 0
   0480 00                 1203 	.db #0x00	; 0
   0481 00                 1204 	.db #0x00	; 0
   0482 00                 1205 	.db #0x00	; 0
   0483 00                 1206 	.db #0x00	; 0
   0484 00                 1207 	.db #0x00	; 0
   0485 00                 1208 	.db #0x00	; 0
   0486 00                 1209 	.db #0x00	; 0
   0487 00                 1210 	.db #0x00	; 0
   0488 00                 1211 	.db #0x00	; 0
   0489 00                 1212 	.db #0x00	; 0
   048A 00                 1213 	.db #0x00	; 0
   048B 00                 1214 	.db #0x00	; 0
   048C 00                 1215 	.db #0x00	; 0
   048D 00                 1216 	.db #0x00	; 0
   048E 00                 1217 	.db #0x00	; 0
   048F 00                 1218 	.db #0x00	; 0
                           1219 	.area _INITIALIZER
                           1220 	.area _CABS (ABS)
